// Jest Snapshot v1, https://goo.gl/fbAQLP

exports[`TaxonomySwitcher rendering render TaxonomySwitcher 1`] = `
<Fragment>
  <ToolbarItem>
    <TaxonomyDropdown
      currentTaxonomy="organization"
      taxonomies={
        Array [
          Object {
            "href": "/organizations/1-org1/select",
            "id": 1,
            "title": "org1",
          },
          Object {
            "href": "/organizations/2-org2/select",
            "id": 2,
            "title": "org2",
          },
        ]
      }
      taxonomyType="organization"
    />
  </ToolbarItem>
  <ToolbarItem>
    <TaxonomyDropdown
      currentTaxonomy="location"
      taxonomies={
        Array [
          Object {
            "href": "/locations/1-yaml/select",
            "id": 1,
            "title": "yaml",
          },
          Object {
            "href": "/locations/2-london/select",
            "id": 2,
            "title": "london",
          },
          Object {
            "href": "/locations/3-norway/select",
            "id": 3,
            "title": "norway",
          },
        ]
      }
      taxonomyType="location"
    />
  </ToolbarItem>
  <Spinner
    size="md"
  />
</Fragment>
`;
